Drill Listing
=============
Drill: .02  Tool: 1  Feed: 197  Speed: 550
X 45000  Y 52500
X 5000  Y 107500
X 27500  Y 120000
X 37500  Y 132500
X 47500  Y 135000
X 30000  Y 167500
X 45000  Y 175000
X 27500  Y 250000
X 50000  Y 282500
X 52500  Y 287500
X 12500  Y 307500
X 20000  Y 315000
X 42500  Y 382500
X 47500  Y 387500
X 95000  Y 330000
X 82500  Y 292500
X 90000  Y 260000
X 102500  Y 240000
X 100000  Y 222500
X 55000  Y 207500
X 80000  Y 192500
X 55000  Y 185000
X 75000  Y 180000
X 80000  Y 170000
X 60000  Y 130000
X 55000  Y 127500
X 97500  Y 100000
X 82500  Y 20000
X 77500  Y 15000
X 145000  Y 22500
X 132500  Y 105000
X 107500  Y 107500
X 132500  Y 115000
X 145000  Y 132500
X 150000  Y 135000
X 132500  Y 142500
X 142500  Y 152500
X 130000  Y 155000
X 150000  Y 182500
X 142500  Y 185000
X 142500  Y 197500
X 152500  Y 200000
X 110000  Y 207500
X 152500  Y 210000
X 152500  Y 217500
X 150000  Y 222500
X 122500  Y 245000
X 115000  Y 255000
X 132500  Y 267500
X 130000  Y 285000
X 130000  Y 295000
X 150000  Y 297500
X 130000  Y 300000
X 127500  Y 305000
X 150000  Y 310000
X 125000  Y 315000
X 130000  Y 320000
X 130000  Y 325000
X 177500  Y 375000
X 162500  Y 335000
X 162500  Y 330000
X 167500  Y 315000
X 175000  Y 312500
X 177500  Y 307500
X 167500  Y 285000
X 170000  Y 267500
X 177500  Y 247500
X 177500  Y 240000
X 162500  Y 230000
X 177500  Y 225000
X 175000  Y 215000
X 167500  Y 200000
X 172500  Y 180000
X 167500  Y 177500
X 160000  Y 175000
X 165000  Y 172500
X 172500  Y 172500
X 157500  Y 162500
X 160000  Y 157500
X 170000  Y 152500
X 172500  Y 145000
X 167500  Y 142500
X 172500  Y 137500
X 177500  Y 120000
X 177500  Y 100000
X 177500  Y 95000
X 175000  Y 85000
X 165000  Y 67500
X 165000  Y 57500
X 182500  Y 40000
X 187500  Y 45000
X 187500  Y 60000
X 197500  Y 105000
X 187500  Y 127500
X 185000  Y 137500
X 197500  Y 140000
X 197500  Y 145000
X 187500  Y 152500
X 190000  Y 160000
X 190000  Y 170000
X 202500  Y 170000
X 200000  Y 185000
X 190000  Y 195000
X 190000  Y 205000
X 180000  Y 235000
X 185000  Y 250000
X 185000  Y 277500
X 217500  Y 320000
X 250000  Y 272500
X 247500  Y 245000
X 217500  Y 202500
X 247500  Y 190000
X 210000  Y 185000
X 240000  Y 177500
X 222500  Y 170000
X 240000  Y 170000
X 250000  Y 162500
X 222500  Y 162500
X 205000  Y 162500
X 210000  Y 162500
X 222500  Y 157500
X 235000  Y 157500
X 207500  Y 155000
X 217500  Y 155000
X 207500  Y 150000
X 237500  Y 150000
X 215000  Y 150000
X 217500  Y 125000
X 235000  Y 110000
X 245000  Y 105000
X 235000  Y 90000
X 255000  Y 85000
X 255000  Y 110000
X 267500  Y 180000
X 272500  Y 182500
X 262500  Y 215000
X 262500  Y 235000
X 262500  Y 302500
X 280000  Y 382500
X 310000  Y 387500
X 335000  Y 312500
X 352500  Y 215000
X 315000  Y 167500
X 312500  Y 162500
X 307500  Y 137500
X 345000  Y 127500
X 315000  Y 120000
X 347500  Y 105000
X 352500  Y 80000
X 307500  Y 70000
X 350000  Y 15000
X 377500  Y 42500
X 357500  Y 102500
X 357500  Y 150000
X 375000  Y 200000

Drill: .02795  Tool: 2  Feed: 197  Speed: 550
X 130000  Y 27500
X 140000  Y 27500
X 150000  Y 27500

Drill: .035  Tool: 3  Feed: 197  Speed: 550
X 47000  Y 97000
X 57000  Y 97000
X 67000  Y 97000
X 291500  Y 178000
X 254500  Y 141000
X 291500  Y 141000

Drill: .039  Tool: 4  Feed: 197  Speed: 550
X 260200  Y 69600
X 270000  Y 69600
X 270000  Y 77500
X 260200  Y 77500

Drill: .041  Tool: 5  Feed: 139  Speed: 550
X 62200  Y 346200
X 87800  Y 346200
X 62200  Y 363800
X 87800  Y 363800
X 117200  Y 363800
X 142800  Y 363800
X 172200  Y 363800
X 117200  Y 346200
X 172200  Y 346200
X 142800  Y 346200
X 229700  Y 266200
X 229700  Y 283800
X 197800  Y 346200
X 224700  Y 346200
X 250300  Y 346200
X 224700  Y 363800
X 197800  Y 363800
X 250300  Y 363800
X 255300  Y 283800
X 255300  Y 266200

Drill: .043  Tool: 6  Feed: 139  Speed: 550
X 95000  Y 207500
X 45000  Y 210000
X 95000  Y 217500
X 45000  Y 220000
X 95000  Y 227500
X 45000  Y 230000
X 215000  Y 277500
X 215000  Y 267500
X 215000  Y 257500
X 215000  Y 242500
X 215000  Y 232500
X 215000  Y 222500
X 222500  Y 197500
X 212500  Y 197500
X 205000  Y 125000
X 205000  Y 115000
X 205000  Y 102500
X 205000  Y 92500
X 205000  Y 82500
X 320000  Y 65000
X 327500  Y 135000
X 317500  Y 135000
X 327500  Y 152500
X 317500  Y 152500
X 232500  Y 197500
X 307500  Y 240000
X 277500  Y 242500
X 307500  Y 250000
X 277500  Y 252500
X 307500  Y 260000
X 277500  Y 262500
X 330000  Y 65000
X 340000  Y 65000

Drill: .045  Tool: 7  Feed: 139  Speed: 550
X 310000  Y 32500
X 320000  Y 32500
X 360000  Y 282500
X 360000  Y 272500
X 360000  Y 262500
X 360000  Y 252500
X 360000  Y 242500
X 360000  Y 232500
X 330000  Y 32500
X 340000  Y 32500

Drill: .05197  Tool: 8  Feed: 107  Speed: 550
X 20590  Y 109350
X 9409  Y 114803
X 20590  Y 120255
X 9409  Y 125708
X 20590  Y 131161
X 9409  Y 136614
X 20590  Y 142066
X 9409  Y 147519
X 20590  Y 152972
X 9409  Y 158425
X 20590  Y 163877
X 9409  Y 169330
X 20590  Y 174783
X 9409  Y 180236
X 20590  Y 185689
X 9409  Y 191141
X 20590  Y 196594
X 9409  Y 202047
X 20590  Y 207500
X 9409  Y 212952
X 20590  Y 218405
X 9409  Y 223858
X 20590  Y 229311
X 9409  Y 234763
X 20590  Y 240216
X 9409  Y 245669
X 20590  Y 251122
X 9409  Y 256574
X 20590  Y 262027
X 9409  Y 267480
X 20590  Y 272933
X 9409  Y 278385
X 20590  Y 283838
X 9409  Y 289291
X 20590  Y 294744
X 9409  Y 300196
X 20590  Y 305649

Drill: .055  Tool: 9  Feed: 107  Speed: 550
X 65000  Y 57500
X 85000  Y 57500

Drill: .095  Tool: 10  Feed: 66  Speed: 550
X 241400  Y 58900
X 288800  Y 58900

Drill: .12  Tool: 11  Feed: 35  Speed: 794
X 20000  Y 20000
X 20000  Y 372500
X 372500  Y 372500
X 372500  Y 20000

Drill: .1311  Tool: 12  Feed: 35  Speed: 794
X 15000  Y 82500
X 15000  Y 332500

End of Listing
